// Vitest Snapshot v1, https://vitest.dev/guide/snapshot.html

exports[`should serve html 1`] = `"<html><body><h1>hello world</h1></body></html>"`;
